{
    "from" : 0,
    "size" : 200,
    "_source" : {
        "includes" : [
            "cust_code"
        ],
        "excludes" : [ ]
    },
    "script_fields" : {
        "test" : {
            "script" : {
                "inline" : "def func_853018376(def doc) { try { if((doc['value'].value >= 100 && doc['value'].value <=200)){return 'aaa';} else {return doc['value'].value;}} catch (Exception e) { return null;} } def eval_575234613 = func_853018376(doc);return eval_575234613;",
                "lang" : "painless"
            },
            "ignore_failure" : false
        }
    }
}